INFO:     Started server process [23584]
INFO:     Waiting for application startup.
INFO:     Application startup complete.
INFO:     Uvicorn running on http://127.0.0.1:8000 (Press CTRL+C to quit)
ERROR:    Exception in ASGI application
Traceback (most recent call last):
  File "C:\Users\PCC\Documents\JUAN CAMILO GIL\PERSONAL\PROGRAMACIÓN\AGENCIA\asesor-imagen-ai\backend\venv\Lib\site-packages\httpx\_transports\default.py", line 72, in map_httpcore_exceptions
    yield
  File "C:\Users\PCC\Documents\JUAN CAMILO GIL\PERSONAL\PROGRAMACIÓN\AGENCIA\asesor-imagen-ai\backend\venv\Lib\site-packages\httpx\_transports\default.py", line 377, in handle_async_request
    resp = await self._pool.handle_async_request(req)
           ^^^^^^^^^^^^^^^^^^^^^^^^^^^^^^^^^^^^^^^^^^
  File "C:\Users\PCC\Documents\JUAN CAMILO GIL\PERSONAL\PROGRAMACIÓN\AGENCIA\asesor-imagen-ai\backend\venv\Lib\site-packages\httpcore\_async\connection_pool.py", line 207, in handle_async_request
    raise UnsupportedProtocol(
httpcore.UnsupportedProtocol: Request URL is missing an 'http://' or 'https://' protocol.

The above exception was the direct cause of the following exception:

Traceback (most recent call last):
  File "C:\Users\PCC\Documents\JUAN CAMILO GIL\PERSONAL\PROGRAMACIÓN\AGENCIA\asesor-imagen-ai\backend\venv\Lib\site-packages\uvicorn\protocols\http\httptools_impl.py", line 401, in run_asgi
    result = await app(  # type: ignore[func-returns-value]
             ^^^^^^^^^^^^^^^^^^^^^^^^^^^^^^^^^^^^^^^^^^^^^^
  File "C:\Users\PCC\Documents\JUAN CAMILO GIL\PERSONAL\PROGRAMACIÓN\AGENCIA\asesor-imagen-ai\backend\venv\Lib\site-packages\uvicorn\middleware\proxy_headers.py", line 60, in __call__
    return await self.app(scope, receive, send)
           ^^^^^^^^^^^^^^^^^^^^^^^^^^^^^^^^^^^^
  File "C:\Users\PCC\Documents\JUAN CAMILO GIL\PERSONAL\PROGRAMACIÓN\AGENCIA\asesor-imagen-ai\backend\venv\Lib\site-packages\fastapi\applications.py", line 1159, in __call__
    await super().__call__(scope, receive, send)
  File "C:\Users\PCC\Documents\JUAN CAMILO GIL\PERSONAL\PROGRAMACIÓN\AGENCIA\asesor-imagen-ai\backend\venv\Lib\site-packages\starlette\applications.py", line 90, in __call__
    await self.middleware_stack(scope, receive, send)
  File "C:\Users\PCC\Documents\JUAN CAMILO GIL\PERSONAL\PROGRAMACIÓN\AGENCIA\asesor-imagen-ai\backend\venv\Lib\site-packages\starlette\middleware\errors.py", line 186, in __call__
    raise exc
  File "C:\Users\PCC\Documents\JUAN CAMILO GIL\PERSONAL\PROGRAMACIÓN\AGENCIA\asesor-imagen-ai\backend\venv\Lib\site-packages\starlette\middleware\errors.py", line 164, in __call__
    await self.app(scope, receive, _send)
  File "C:\Users\PCC\Documents\JUAN CAMILO GIL\PERSONAL\PROGRAMACIÓN\AGENCIA\asesor-imagen-ai\backend\venv\Lib\site-packages\starlette\middleware\cors.py", line 88, in __call__
    await self.app(scope, receive, send)
  File "C:\Users\PCC\Documents\JUAN CAMILO GIL\PERSONAL\PROGRAMACIÓN\AGENCIA\asesor-imagen-ai\backend\venv\Lib\site-packages\starlette\middleware\base.py", line 191, in __call__
    with recv_stream, send_stream, collapse_excgroups():
                                   ^^^^^^^^^^^^^^^^^^^^
  File "C:\Users\PCC\AppData\Local\Python\pythoncore-3.12-64\Lib\contextlib.py", line 158, in __exit__
    self.gen.throw(value)
  File "C:\Users\PCC\Documents\JUAN CAMILO GIL\PERSONAL\PROGRAMACIÓN\AGENCIA\asesor-imagen-ai\backend\venv\Lib\site-packages\starlette\_utils.py", line 87, in collapse_excgroups
    raise exc
  File "C:\Users\PCC\Documents\JUAN CAMILO GIL\PERSONAL\PROGRAMACIÓN\AGENCIA\asesor-imagen-ai\backend\venv\Lib\site-packages\starlette\middleware\base.py", line 193, in __call__
    response = await self.dispatch_func(request, call_next)
               ^^^^^^^^^^^^^^^^^^^^^^^^^^^^^^^^^^^^^^^^^^^^
  File "C:\Users\PCC\Documents\JUAN CAMILO GIL\PERSONAL\PROGRAMACIÓN\AGENCIA\asesor-imagen-ai\backend\app\core\middleware.py", line 137, in request_logging_middleware
    response: Response = await call_next(request)
                         ^^^^^^^^^^^^^^^^^^^^^^^^
  File "C:\Users\PCC\Documents\JUAN CAMILO GIL\PERSONAL\PROGRAMACIÓN\AGENCIA\asesor-imagen-ai\backend\venv\Lib\site-packages\starlette\middleware\base.py", line 168, in call_next
    raise app_exc from app_exc.__cause__ or app_exc.__context__
  File "C:\Users\PCC\Documents\JUAN CAMILO GIL\PERSONAL\PROGRAMACIÓN\AGENCIA\asesor-imagen-ai\backend\venv\Lib\site-packages\starlette\middleware\base.py", line 144, in coro
    await self.app(scope, receive_or_disconnect, send_no_error)
  File "C:\Users\PCC\Documents\JUAN CAMILO GIL\PERSONAL\PROGRAMACIÓN\AGENCIA\asesor-imagen-ai\backend\venv\Lib\site-packages\starlette\middleware\base.py", line 191, in __call__
    with recv_stream, send_stream, collapse_excgroups():
                                   ^^^^^^^^^^^^^^^^^^^^
  File "C:\Users\PCC\AppData\Local\Python\pythoncore-3.12-64\Lib\contextlib.py", line 158, in __exit__
    self.gen.throw(value)
  File "C:\Users\PCC\Documents\JUAN CAMILO GIL\PERSONAL\PROGRAMACIÓN\AGENCIA\asesor-imagen-ai\backend\venv\Lib\site-packages\starlette\_utils.py", line 87, in collapse_excgroups
    raise exc
  File "C:\Users\PCC\Documents\JUAN CAMILO GIL\PERSONAL\PROGRAMACIÓN\AGENCIA\asesor-imagen-ai\backend\venv\Lib\site-packages\starlette\middleware\base.py", line 193, in __call__
    response = await self.dispatch_func(request, call_next)
               ^^^^^^^^^^^^^^^^^^^^^^^^^^^^^^^^^^^^^^^^^^^^
  File "C:\Users\PCC\Documents\JUAN CAMILO GIL\PERSONAL\PROGRAMACIÓN\AGENCIA\asesor-imagen-ai\backend\app\core\middleware.py", line 159, in security_headers_middleware
    response: Response = await call_next(request)
                         ^^^^^^^^^^^^^^^^^^^^^^^^
  File "C:\Users\PCC\Documents\JUAN CAMILO GIL\PERSONAL\PROGRAMACIÓN\AGENCIA\asesor-imagen-ai\backend\venv\Lib\site-packages\starlette\middleware\base.py", line 168, in call_next
    raise app_exc from app_exc.__cause__ or app_exc.__context__
  File "C:\Users\PCC\Documents\JUAN CAMILO GIL\PERSONAL\PROGRAMACIÓN\AGENCIA\asesor-imagen-ai\backend\venv\Lib\site-packages\starlette\middleware\base.py", line 144, in coro
    await self.app(scope, receive_or_disconnect, send_no_error)
  File "C:\Users\PCC\Documents\JUAN CAMILO GIL\PERSONAL\PROGRAMACIÓN\AGENCIA\asesor-imagen-ai\backend\venv\Lib\site-packages\starlette\middleware\base.py", line 191, in __call__
    with recv_stream, send_stream, collapse_excgroups():
                                   ^^^^^^^^^^^^^^^^^^^^
  File "C:\Users\PCC\AppData\Local\Python\pythoncore-3.12-64\Lib\contextlib.py", line 158, in __exit__
    self.gen.throw(value)
  File "C:\Users\PCC\Documents\JUAN CAMILO GIL\PERSONAL\PROGRAMACIÓN\AGENCIA\asesor-imagen-ai\backend\venv\Lib\site-packages\starlette\_utils.py", line 87, in collapse_excgroups
    raise exc
  File "C:\Users\PCC\Documents\JUAN CAMILO GIL\PERSONAL\PROGRAMACIÓN\AGENCIA\asesor-imagen-ai\backend\venv\Lib\site-packages\starlette\middleware\base.py", line 193, in __call__
    response = await self.dispatch_func(request, call_next)
               ^^^^^^^^^^^^^^^^^^^^^^^^^^^^^^^^^^^^^^^^^^^^
  File "C:\Users\PCC\Documents\JUAN CAMILO GIL\PERSONAL\PROGRAMACIÓN\AGENCIA\asesor-imagen-ai\backend\app\core\middleware.py", line 208, in auth_middleware
    return await call_next(request)
           ^^^^^^^^^^^^^^^^^^^^^^^^
  File "C:\Users\PCC\Documents\JUAN CAMILO GIL\PERSONAL\PROGRAMACIÓN\AGENCIA\asesor-imagen-ai\backend\venv\Lib\site-packages\starlette\middleware\base.py", line 168, in call_next
    raise app_exc from app_exc.__cause__ or app_exc.__context__
  File "C:\Users\PCC\Documents\JUAN CAMILO GIL\PERSONAL\PROGRAMACIÓN\AGENCIA\asesor-imagen-ai\backend\venv\Lib\site-packages\starlette\middleware\base.py", line 144, in coro
    await self.app(scope, receive_or_disconnect, send_no_error)
  File "C:\Users\PCC\Documents\JUAN CAMILO GIL\PERSONAL\PROGRAMACIÓN\AGENCIA\asesor-imagen-ai\backend\venv\Lib\site-packages\starlette\middleware\base.py", line 191, in __call__
    with recv_stream, send_stream, collapse_excgroups():
                                   ^^^^^^^^^^^^^^^^^^^^
  File "C:\Users\PCC\AppData\Local\Python\pythoncore-3.12-64\Lib\contextlib.py", line 158, in __exit__
    self.gen.throw(value)
  File "C:\Users\PCC\Documents\JUAN CAMILO GIL\PERSONAL\PROGRAMACIÓN\AGENCIA\asesor-imagen-ai\backend\venv\Lib\site-packages\starlette\_utils.py", line 87, in collapse_excgroups
    raise exc
  File "C:\Users\PCC\Documents\JUAN CAMILO GIL\PERSONAL\PROGRAMACIÓN\AGENCIA\asesor-imagen-ai\backend\venv\Lib\site-packages\starlette\middleware\base.py", line 193, in __call__
    response = await self.dispatch_func(request, call_next)
               ^^^^^^^^^^^^^^^^^^^^^^^^^^^^^^^^^^^^^^^^^^^^
  File "C:\Users\PCC\Documents\JUAN CAMILO GIL\PERSONAL\PROGRAMACIÓN\AGENCIA\asesor-imagen-ai\backend\app\core\middleware.py", line 269, in idempotency_middleware
    return await call_next(request)
           ^^^^^^^^^^^^^^^^^^^^^^^^
  File "C:\Users\PCC\Documents\JUAN CAMILO GIL\PERSONAL\PROGRAMACIÓN\AGENCIA\asesor-imagen-ai\backend\venv\Lib\site-packages\starlette\middleware\base.py", line 168, in call_next
    raise app_exc from app_exc.__cause__ or app_exc.__context__
  File "C:\Users\PCC\Documents\JUAN CAMILO GIL\PERSONAL\PROGRAMACIÓN\AGENCIA\asesor-imagen-ai\backend\venv\Lib\site-packages\starlette\middleware\base.py", line 144, in coro
    await self.app(scope, receive_or_disconnect, send_no_error)
  File "C:\Users\PCC\Documents\JUAN CAMILO GIL\PERSONAL\PROGRAMACIÓN\AGENCIA\asesor-imagen-ai\backend\venv\Lib\site-packages\starlette\middleware\exceptions.py", line 63, in __call__
    await wrap_app_handling_exceptions(self.app, conn)(scope, receive, send)
  File "C:\Users\PCC\Documents\JUAN CAMILO GIL\PERSONAL\PROGRAMACIÓN\AGENCIA\asesor-imagen-ai\backend\venv\Lib\site-packages\starlette\_exception_handler.py", line 53, in wrapped_app
    raise exc
  File "C:\Users\PCC\Documents\JUAN CAMILO GIL\PERSONAL\PROGRAMACIÓN\AGENCIA\asesor-imagen-ai\backend\venv\Lib\site-packages\starlette\_exception_handler.py", line 42, in wrapped_app
    await app(scope, receive, sender)
  File "C:\Users\PCC\Documents\JUAN CAMILO GIL\PERSONAL\PROGRAMACIÓN\AGENCIA\asesor-imagen-ai\backend\venv\Lib\site-packages\fastapi\middleware\asyncexitstack.py", line 18, in __call__
    await self.app(scope, receive, send)
  File "C:\Users\PCC\Documents\JUAN CAMILO GIL\PERSONAL\PROGRAMACIÓN\AGENCIA\asesor-imagen-ai\backend\venv\Lib\site-packages\starlette\routing.py", line 660, in __call__
    await self.middleware_stack(scope, receive, send)
  File "C:\Users\PCC\Documents\JUAN CAMILO GIL\PERSONAL\PROGRAMACIÓN\AGENCIA\asesor-imagen-ai\backend\venv\Lib\site-packages\starlette\routing.py", line 680, in app
    await route.handle(scope, receive, send)
  File "C:\Users\PCC\Documents\JUAN CAMILO GIL\PERSONAL\PROGRAMACIÓN\AGENCIA\asesor-imagen-ai\backend\venv\Lib\site-packages\starlette\routing.py", line 276, in handle
    await self.app(scope, receive, send)
  File "C:\Users\PCC\Documents\JUAN CAMILO GIL\PERSONAL\PROGRAMACIÓN\AGENCIA\asesor-imagen-ai\backend\venv\Lib\site-packages\fastapi\routing.py", line 134, in app
    await wrap_app_handling_exceptions(app, request)(scope, receive, send)
  File "C:\Users\PCC\Documents\JUAN CAMILO GIL\PERSONAL\PROGRAMACIÓN\AGENCIA\asesor-imagen-ai\backend\venv\Lib\site-packages\starlette\_exception_handler.py", line 53, in wrapped_app
    raise exc
  File "C:\Users\PCC\Documents\JUAN CAMILO GIL\PERSONAL\PROGRAMACIÓN\AGENCIA\asesor-imagen-ai\backend\venv\Lib\site-packages\starlette\_exception_handler.py", line 42, in wrapped_app
    await app(scope, receive, sender)
  File "C:\Users\PCC\Documents\JUAN CAMILO GIL\PERSONAL\PROGRAMACIÓN\AGENCIA\asesor-imagen-ai\backend\venv\Lib\site-packages\fastapi\routing.py", line 120, in app
    response = await f(request)
               ^^^^^^^^^^^^^^^^
  File "C:\Users\PCC\Documents\JUAN CAMILO GIL\PERSONAL\PROGRAMACIÓN\AGENCIA\asesor-imagen-ai\backend\venv\Lib\site-packages\fastapi\routing.py", line 674, in app
    raw_response = await run_endpoint_function(
                   ^^^^^^^^^^^^^^^^^^^^^^^^^^^^
  File "C:\Users\PCC\Documents\JUAN CAMILO GIL\PERSONAL\PROGRAMACIÓN\AGENCIA\asesor-imagen-ai\backend\venv\Lib\site-packages\fastapi\routing.py", line 328, in run_endpoint_function
    return await dependant.call(**values)
           ^^^^^^^^^^^^^^^^^^^^^^^^^^^^^^
  File "C:\Users\PCC\Documents\JUAN CAMILO GIL\PERSONAL\PROGRAMACIÓN\AGENCIA\asesor-imagen-ai\backend\venv\Lib\site-packages\slowapi\extension.py", line 734, in async_wrapper
    response = await func(*args, **kwargs)  # type: ignore
               ^^^^^^^^^^^^^^^^^^^^^^^^^^^
  File "C:\Users\PCC\Documents\JUAN CAMILO GIL\PERSONAL\PROGRAMACIÓN\AGENCIA\asesor-imagen-ai\backend\app\api\v1\endpoints\auth.py", line 38, in register
    return await svc.register(req)
           ^^^^^^^^^^^^^^^^^^^^^^^
  File "C:\Users\PCC\Documents\JUAN CAMILO GIL\PERSONAL\PROGRAMACIÓN\AGENCIA\asesor-imagen-ai\backend\app\services\auth_service.py", line 46, in register
    resp = await client.post(
           ^^^^^^^^^^^^^^^^^^
  File "C:\Users\PCC\Documents\JUAN CAMILO GIL\PERSONAL\PROGRAMACIÓN\AGENCIA\asesor-imagen-ai\backend\venv\Lib\site-packages\httpx\_client.py", line 1905, in post
    return await self.request(
           ^^^^^^^^^^^^^^^^^^^
  File "C:\Users\PCC\Documents\JUAN CAMILO GIL\PERSONAL\PROGRAMACIÓN\AGENCIA\asesor-imagen-ai\backend\venv\Lib\site-packages\httpx\_client.py", line 1585, in request
    return await self.send(request, auth=auth, follow_redirects=follow_redirects)
           ^^^^^^^^^^^^^^^^^^^^^^^^^^^^^^^^^^^^^^^^^^^^^^^^^^^^^^^^^^^^^^^^^^^^^^
  File "C:\Users\PCC\Documents\JUAN CAMILO GIL\PERSONAL\PROGRAMACIÓN\AGENCIA\asesor-imagen-ai\backend\venv\Lib\site-packages\httpx\_client.py", line 1674, in send
    response = await self._send_handling_auth(
               ^^^^^^^^^^^^^^^^^^^^^^^^^^^^^^^
  File "C:\Users\PCC\Documents\JUAN CAMILO GIL\PERSONAL\PROGRAMACIÓN\AGENCIA\asesor-imagen-ai\backend\venv\Lib\site-packages\httpx\_client.py", line 1702, in _send_handling_auth
    response = await self._send_handling_redirects(
               ^^^^^^^^^^^^^^^^^^^^^^^^^^^^^^^^^^^^
  File "C:\Users\PCC\Documents\JUAN CAMILO GIL\PERSONAL\PROGRAMACIÓN\AGENCIA\asesor-imagen-ai\backend\venv\Lib\site-packages\httpx\_client.py", line 1739, in _send_handling_redirects
    response = await self._send_single_request(request)
               ^^^^^^^^^^^^^^^^^^^^^^^^^^^^^^^^^^^^^^^^
  File "C:\Users\PCC\Documents\JUAN CAMILO GIL\PERSONAL\PROGRAMACIÓN\AGENCIA\asesor-imagen-ai\backend\venv\Lib\site-packages\httpx\_client.py", line 1776, in _send_single_request
    response = await transport.handle_async_request(request)
               ^^^^^^^^^^^^^^^^^^^^^^^^^^^^^^^^^^^^^^^^^^^^^
  File "C:\Users\PCC\Documents\JUAN CAMILO GIL\PERSONAL\PROGRAMACIÓN\AGENCIA\asesor-imagen-ai\backend\venv\Lib\site-packages\httpx\_transports\default.py", line 376, in handle_async_request
    with map_httpcore_exceptions():
         ^^^^^^^^^^^^^^^^^^^^^^^^^
  File "C:\Users\PCC\AppData\Local\Python\pythoncore-3.12-64\Lib\contextlib.py", line 158, in __exit__
    self.gen.throw(value)
  File "C:\Users\PCC\Documents\JUAN CAMILO GIL\PERSONAL\PROGRAMACIÓN\AGENCIA\asesor-imagen-ai\backend\venv\Lib\site-packages\httpx\_transports\default.py", line 89, in map_httpcore_exceptions
    raise mapped_exc(message) from exc
httpx.UnsupportedProtocol: Request URL is missing an 'http://' or 'https://' protocol.
